
 Start  Stop   Length Name                   Class
 00000H 00468H 00469H _TEXT                  CODE
 0046AH 00507H 0009EH _DATA                  DATA
 00508H 02507H 02000H _BSS                   BSS
 02510H 0290FH 00400H STACK                  STACK

 Origin   Group
 0046:0   DGROUP

  Address         Publics by Name

 0000:02DD       CLEAR_SCREEN
 0000:031F       CLEAR_TO_END_OF_LINE
 0046:000C       CURRENT_SECTOR_NO
 0000:02FF       CURSOR_RIGHT
 0046:000E       DISK_DRIVE_NO
 0000:0040       DISPATCHER
 0000:00C8       DISP_HALF_SECTOR
 0000:00DD       DISP_LINE
 0046:0029       EDITOR_PROMPT
 0000:0445       EDIT_BYTE
 0000:03B3       ERASE_PHANTOM
 0000:02F4       GOTO_XY
 0046:0011       HEADER_LINE_NO
 0046:0012       HEADER_PART_1
 0046:0018       HEADER_PART_2
 0000:0144       INIT_SEC_DISP
 0046:0010       LINES_BEFORE_SECTOR
 0000:0356       MOV_TO_ASCII_POSITION
 0000:0336       MOV_TO_HEX_POSITION
 0000:00AC       NEXT_SECTOR
 0046:00A6       PHANTOM_CURSOR_X
 0046:00A7       PHANTOM_CURSOR_Y
 0000:03E4       PHANTOM_DOWN
 0000:03FB       PHANTOM_LEFT
 0000:040D       PHANTOM_RIGHT
 0000:03D2       PHANTOM_UP
 0000:008D       PREVIOUS_SECTOR
 0046:0028       PROMPT_LINE_NO
 0000:002E       READ_BYTE
 0000:0074       READ_SECTOR
 0000:0386       RESTORE_REAL_CURSOR
 0000:036F       SAVE_REAL_CURSOR
 0046:00A8       SECTOR
 0046:000A       SECTOR_OFFSET
 0000:02CE       SEND_CRLF
 0000:02AD       WRITE_ATTRIBUTE_N_TIMES
 0000:01D4       WRITE_BIN
 0000:021A       WRITE_CHAR
 0000:025C       WRITE_CHAR_N_TIMES
 0000:0233       WRITE_DECIMAL
 0000:01A7       WRITE_HEADER
 0000:01EF       WRITE_HEX
 0000:0206       WRITE_HEX_DIGIT
 0000:0264       WRITE_PATTERN
 0000:0394       WRITE_PHANTOM
 0000:029B       WRITE_PROMPT_LINE
 0000:0283       WRITE_STRING
 0046:00A8       _edata
 0046:20B0       _end

  Address         Publics by Value

 0000:002E       READ_BYTE
 0000:0040       DISPATCHER
 0000:0074       READ_SECTOR
 0000:008D       PREVIOUS_SECTOR
 0000:00AC       NEXT_SECTOR
 0000:00C8       DISP_HALF_SECTOR
 0000:00DD       DISP_LINE
 0000:0144       INIT_SEC_DISP
 0000:01A7       WRITE_HEADER
 0000:01D4       WRITE_BIN
 0000:01EF       WRITE_HEX
 0000:0206       WRITE_HEX_DIGIT
 0000:021A       WRITE_CHAR
 0000:0233       WRITE_DECIMAL
 0000:025C       WRITE_CHAR_N_TIMES
 0000:0264       WRITE_PATTERN
 0000:0283       WRITE_STRING
 0000:029B       WRITE_PROMPT_LINE
 0000:02AD       WRITE_ATTRIBUTE_N_TIMES
 0000:02CE       SEND_CRLF
 0000:02DD       CLEAR_SCREEN
 0000:02F4       GOTO_XY
 0000:02FF       CURSOR_RIGHT
 0000:031F       CLEAR_TO_END_OF_LINE
 0000:0336       MOV_TO_HEX_POSITION
 0000:0356       MOV_TO_ASCII_POSITION
 0000:036F       SAVE_REAL_CURSOR
 0000:0386       RESTORE_REAL_CURSOR
 0000:0394       WRITE_PHANTOM
 0000:03B3       ERASE_PHANTOM
 0000:03D2       PHANTOM_UP
 0000:03E4       PHANTOM_DOWN
 0000:03FB       PHANTOM_LEFT
 0000:040D       PHANTOM_RIGHT
 0000:0445       EDIT_BYTE
 0046:000A       SECTOR_OFFSET
 0046:000C       CURRENT_SECTOR_NO
 0046:000E       DISK_DRIVE_NO
 0046:0010       LINES_BEFORE_SECTOR
 0046:0011       HEADER_LINE_NO
 0046:0012       HEADER_PART_1
 0046:0018       HEADER_PART_2
 0046:0028       PROMPT_LINE_NO
 0046:0029       EDITOR_PROMPT
 0046:00A6       PHANTOM_CURSOR_X
 0046:00A7       PHANTOM_CURSOR_Y
 0046:00A8       _edata
 0046:00A8       SECTOR
 0046:20B0       _end

Program entry point at 0000:0010
